// Jest Snapshot v1, https://goo.gl/fbAQLP

exports[`snapshot 1`] = `
<div
  class="featureTableWrapper"
>
  <table
    class="featureTable"
  >
    <thead
      class="featureTiersWrapper"
    >
      <tr
        class="featureTiers"
      >
        <th />
        <th>
          Free
        </th>
        <th>
          $49/mo
        </th>
        <th>
          $99/mo
        </th>
      </tr>
    </thead>
    <tbody
      class="featureTableBodyWrapper"
    >
      <tr
        class="tableRow"
      >
        <td
          class="featureName"
        >
          Professional dashboard
        </td>
        <td>
          ✔
        </td>
        <td>
          ✔
        </td>
        <td>
          ✔
        </td>
      </tr>
      <tr
        class="tableRow"
      >
        <td
          class="featureName"
        >
          Emailing service
        </td>
        <td>
          ✔
        </td>
        <td>
          ✔
        </td>
        <td>
          ✔
        </td>
      </tr>
      <tr
        class="tableRow"
      >
        <td
          class="featureName"
        >
          Workorder management
        </td>
        <td>
          ✔
        </td>
        <td>
          ✔
        </td>
        <td>
          ✔
        </td>
      </tr>
      <tr
        class="tableRow"
      >
        <td
          class="featureName"
        >
          Accept payments
        </td>
        <td />
        <td>
          ✔
        </td>
        <td>
          ✔
        </td>
      </tr>
      <tr
        class="tableRow"
      >
        <td
          class="featureName"
        >
          Store documents
        </td>
        <td />
        <td>
          ✔
        </td>
        <td>
          ✔
        </td>
      </tr>
      <tr
        class="tableRow"
      >
        <td
          class="featureName"
        >
          Downloadable applications
        </td>
        <td />
        <td>
          ✔
        </td>
        <td>
          ✔
        </td>
      </tr>
      <tr
        class="tableRow"
      >
        <td
          class="featureName"
        >
          Premium messaging service
        </td>
        <td />
        <td />
        <td>
          ✔
        </td>
      </tr>
      <tr
        class="tableRow"
      >
        <td
          class="featureName"
        >
          24/7 Premium support
        </td>
        <td />
        <td />
        <td>
          ✔
        </td>
      </tr>
      <tr
        class="tableRow"
      >
        <td
          class="featureName"
        >
          Itemized expense tracking
        </td>
        <td />
        <td />
        <td>
          ✔
        </td>
      </tr>
    </tbody>
  </table>
  <div
    class="buy-btn-wrapper"
  >
    <div
      class="empty"
    />
    <button
      class="buy-btn"
      type="submit"
    >
      Buy
    </button>
    <button
      class="buy-btn"
      type="submit"
    >
      Buy
    </button>
    <button
      class="buy-btn"
      type="submit"
    >
      Buy
    </button>
  </div>
</div>
`;
